test_effective_modifier_override (tests.test_character_model.TestAbilityBlock.test_effective_modifier_override) ... ok
test_effective_modifier_standard (tests.test_character_model.TestAbilityBlock.test_effective_modifier_standard) ... ok
test_save_modifier (tests.test_character_model.TestAbilityBlock.test_save_modifier) ... ok
test_level_calculation (tests.test_character_model.TestCharacterIdentity.test_level_calculation) ... ok
test_round_trip (tests.test_character_model.TestSerialization.test_round_trip) ... ok
test_reset_slots_long_rest (tests.test_character_model.TestSpellcastingData.test_reset_slots_long_rest) ... ok
test_reset_slots_short_rest (tests.test_character_model.TestSpellcastingData.test_reset_slots_short_rest) ... ok
test_sync_slot_schedule_aggregates_slots (tests.test_character_model.TestSpellcastingData.test_sync_slot_schedule_aggregates_slots) ... ok
test_sync_slot_schedule_initializes_empty (tests.test_character_model.TestSpellcastingData.test_sync_slot_schedule_initializes_empty) ... ok

----------------------------------------------------------------------
Ran 9 tests in 0.001s

OK
